// Jest Snapshot v1, https://goo.gl/fbAQLP

exports[`Item renders 1`] = `
<div
  class="MuiPaper-root MuiPaper-elevation MuiPaper-rounded MuiPaper-elevation1 MuiCard-root css-1j74uew-MuiPaper-root-MuiCard-root"
  data-testid="Item_root"
  style="--Paper-shadow: 0px 2px 1px -1px rgba(0,0,0,0.2),0px 1px 1px 0px rgba(0,0,0,0.14),0px 1px 3px 0px rgba(0,0,0,0.12);"
>
  <div
    class="MuiCardContent-root css-1lt5qva-MuiCardContent-root"
  >
    <div
      class="MuiBox-root css-0"
    >
      <a
        class="MuiTypography-root MuiTypography-inherit MuiLink-root MuiLink-underlineAlways css-1orsvah-MuiTypography-root-MuiLink-root"
        data-testid="Item_owner"
        href="ownerHtmlUrl"
        rel="noreferrer"
        target="_blank"
      >
        <div
          aria-label="login"
          class="MuiAvatar-root MuiAvatar-circular css-fmeqll-MuiAvatar-root"
          data-testid="Item_avatar"
        >
          <img
            class="MuiAvatar-img css-1su80sj-MuiAvatar-img"
            src="avatarUrl"
          />
        </div>
        <h6
          class="MuiTypography-root MuiTypography-subtitle1 MuiTypography-subtitle1 css-1i3tsf3-MuiTypography-root"
        >
          login
        </h6>
      </a>
    </div>
    <div
      class="MuiBox-root css-0"
    >
      <a
        class="MuiTypography-root MuiTypography-inherit MuiLink-root MuiLink-underlineNone css-18rqtra-MuiTypography-root-MuiLink-root"
        data-testid="Item_project"
        href="htmlUrl"
        rel="noreferrer"
        target="_blank"
      >
        <h5
          class="MuiTypography-root MuiTypography-h5 css-16xl4zq-MuiTypography-root"
        >
          name
        </h5>
        <span
          class="MuiTypography-root MuiTypography-caption css-mpaqru-MuiTypography-root"
        >
          some desc
        </span>
      </a>
    </div>
    <div
      class="MuiBox-root css-0"
    >
      <h6
        class="MuiTypography-root MuiTypography-subtitle2 css-1ypmsg6-MuiTypography-root"
      >
        <div
          data-testid="Item_colorCircle"
          style="background-color: rgb(227, 76, 38);"
        />
        HTML
      </h6>
    </div>
  </div>
  <div
    class="MuiCardActions-root MuiCardActions-spacing css-1q4nm6f-MuiCardActions-root"
    data-testid="Item_buttons"
  >
    <button
      class="MuiButtonBase-root MuiIconButton-root MuiIconButton-colorInfo MuiIconButton-sizeMedium css-1mjraff-MuiButtonBase-root-MuiIconButton-root"
      tabindex="0"
      type="button"
    >
      <svg
        aria-hidden="true"
        class="MuiSvgIcon-root MuiSvgIcon-fontSizeMedium css-1umw9bq-MuiSvgIcon-root"
        data-testid="Item_editButton"
        focusable="false"
        viewBox="0 0 24 24"
      >
        <path
          d="M3 17.25V21h3.75L17.81 9.94l-3.75-3.75zM20.71 7.04c.39-.39.39-1.02 0-1.41l-2.34-2.34a.996.996 0 0 0-1.41 0l-1.83 1.83 3.75 3.75z"
        />
      </svg>
    </button>
    <button
      class="MuiButtonBase-root MuiIconButton-root MuiIconButton-colorError MuiIconButton-sizeMedium css-lky15p-MuiButtonBase-root-MuiIconButton-root"
      tabindex="0"
      type="button"
    >
      <svg
        aria-hidden="true"
        class="MuiSvgIcon-root MuiSvgIcon-fontSizeMedium css-1umw9bq-MuiSvgIcon-root"
        data-testid="Item_deleteButton"
        focusable="false"
        viewBox="0 0 24 24"
      >
        <path
          d="M6 19c0 1.1.9 2 2 2h8c1.1 0 2-.9 2-2V7H6zM19 4h-3.5l-1-1h-5l-1 1H5v2h14z"
        />
      </svg>
    </button>
  </div>
</div>
`;
