// Jest Snapshot v1, https://goo.gl/fbAQLP

exports[`ItemsWidget renders 1`] = `
<div
  data-testid="ItemsWidget_root"
>
  <form
    class="MuiPaper-root MuiPaper-elevation MuiPaper-rounded MuiPaper-elevation1 css-1gtchvp-MuiPaper-root"
    style="--Paper-shadow: 0px 2px 1px -1px rgba(0,0,0,0.2),0px 1px 1px 0px rgba(0,0,0,0.14),0px 1px 3px 0px rgba(0,0,0,0.12);"
  >
    <div
      class="MuiFormControl-root MuiTextField-root css-1xp5r68-MuiFormControl-root-MuiTextField-root"
      data-testid="ItemsWidget_select"
    >
      <label
        class="MuiFormLabel-root MuiInputLabel-root MuiInputLabel-formControl MuiInputLabel-animated MuiInputLabel-shrink MuiInputLabel-sizeMedium MuiInputLabel-outlined MuiFormLabel-colorPrimary MuiFormLabel-filled MuiInputLabel-root MuiInputLabel-formControl MuiInputLabel-animated MuiInputLabel-shrink MuiInputLabel-sizeMedium MuiInputLabel-outlined css-113d811-MuiFormLabel-root-MuiInputLabel-root"
        data-shrink="true"
        for=":r0:"
        id=":r0:-label"
      >
        Сортировать по
      </label>
      <div
        class="MuiInputBase-root MuiOutlinedInput-root MuiInputBase-colorPrimary MuiInputBase-formControl css-quhxjy-MuiInputBase-root-MuiOutlinedInput-root"
      >
        <div
          aria-controls=":r1:"
          aria-expanded="false"
          aria-haspopup="listbox"
          aria-labelledby=":r0:-label :r0:"
          class="MuiSelect-select MuiSelect-outlined MuiInputBase-input MuiOutlinedInput-input css-w76bbz-MuiSelect-select-MuiInputBase-input-MuiOutlinedInput-input"
          id=":r0:"
          role="combobox"
          tabindex="0"
        >
          Звездам
        </div>
        <input
          aria-hidden="true"
          aria-invalid="false"
          class="MuiSelect-nativeInput css-j0riat-MuiSelect-nativeInput"
          tabindex="-1"
          value="stars"
        />
        <svg
          aria-hidden="true"
          class="MuiSvgIcon-root MuiSvgIcon-fontSizeMedium MuiSelect-icon MuiSelect-iconOutlined css-lohd6h-MuiSvgIcon-root-MuiSelect-icon"
          data-testid="ArrowDropDownIcon"
          focusable="false"
          viewBox="0 0 24 24"
        >
          <path
            d="M7 10l5 5 5-5z"
          />
        </svg>
        <fieldset
          aria-hidden="true"
          class="MuiOutlinedInput-notchedOutline css-1ll44ll-MuiOutlinedInput-notchedOutline"
        >
          <legend
            class="css-w1u3ce"
          >
            <span>
              Сортировать по
            </span>
          </legend>
        </fieldset>
      </div>
    </div>
    <div
      class="MuiInputBase-root MuiInputBase-colorPrimary MuiInputBase-fullWidth css-1i4yu0n-MuiInputBase-root"
      data-testid="ItemsWidget_input"
    >
      <input
        class="MuiInputBase-input css-yimnyd-MuiInputBase-input"
        type="text"
        value="javascript"
      />
    </div>
    <button
      class="MuiButtonBase-root MuiIconButton-root MuiIconButton-colorPrimary MuiIconButton-sizeMedium css-1u171q0-MuiButtonBase-root-MuiIconButton-root"
      data-testid="ItemsWidget_sendButton"
      tabindex="0"
      type="button"
    >
      <svg
        aria-hidden="true"
        class="MuiSvgIcon-root MuiSvgIcon-fontSizeMedium css-1umw9bq-MuiSvgIcon-root"
        data-testid="SendIcon"
        focusable="false"
        viewBox="0 0 24 24"
      >
        <path
          d="M2.01 21 23 12 2.01 3 2 10l15 2-15 2z"
        />
      </svg>
    </button>
  </form>
  <div
    class="MuiBox-root css-0"
  >
    <h6
      class="MuiTypography-root MuiTypography-h6 css-1ie3cgg-MuiTypography-root"
    >
      Всего найдено: 
      1000
       записей
    </h6>
    <ul
      class="MuiList-root MuiList-padding css-b7dj7n-MuiList-root"
      data-testid="ItemList_root"
    >
      <div
        class="MuiPaper-root MuiPaper-elevation MuiPaper-rounded MuiPaper-elevation1 MuiCard-root css-1j74uew-MuiPaper-root-MuiCard-root"
        data-testid="Item_root"
        style="--Paper-shadow: 0px 2px 1px -1px rgba(0,0,0,0.2),0px 1px 1px 0px rgba(0,0,0,0.14),0px 1px 3px 0px rgba(0,0,0,0.12);"
      >
        <div
          class="MuiCardContent-root css-1lt5qva-MuiCardContent-root"
        >
          <div
            class="MuiBox-root css-0"
          >
            <a
              class="MuiTypography-root MuiTypography-inherit MuiLink-root MuiLink-underlineAlways css-1orsvah-MuiTypography-root-MuiLink-root"
              data-testid="Item_owner"
              href="ownerHtmlUrl"
              rel="noreferrer"
              target="_blank"
            >
              <div
                aria-label="login"
                class="MuiAvatar-root MuiAvatar-circular css-fmeqll-MuiAvatar-root"
                data-testid="Item_avatar"
              >
                <img
                  class="MuiAvatar-img css-1su80sj-MuiAvatar-img"
                  src="avatarUrl"
                />
              </div>
              <h6
                class="MuiTypography-root MuiTypography-subtitle1 MuiTypography-subtitle1 css-1i3tsf3-MuiTypography-root"
              >
                login
              </h6>
            </a>
          </div>
          <div
            class="MuiBox-root css-0"
          >
            <a
              class="MuiTypography-root MuiTypography-inherit MuiLink-root MuiLink-underlineNone css-18rqtra-MuiTypography-root-MuiLink-root"
              data-testid="Item_project"
              href="htmlUrl"
              rel="noreferrer"
              target="_blank"
            >
              <h5
                class="MuiTypography-root MuiTypography-h5 css-16xl4zq-MuiTypography-root"
              >
                name1
              </h5>
              <span
                class="MuiTypography-root MuiTypography-caption css-mpaqru-MuiTypography-root"
              >
                some desc
              </span>
            </a>
          </div>
          <div
            class="MuiBox-root css-0"
          >
            <h6
              class="MuiTypography-root MuiTypography-subtitle2 css-1ypmsg6-MuiTypography-root"
            >
              <div
                data-testid="Item_colorCircle"
                style="background-color: rgb(227, 76, 38);"
              />
              HTML
            </h6>
          </div>
        </div>
        <div
          class="MuiCardActions-root MuiCardActions-spacing css-1q4nm6f-MuiCardActions-root"
          data-testid="Item_buttons"
        >
          <button
            class="MuiButtonBase-root MuiIconButton-root MuiIconButton-colorInfo MuiIconButton-sizeMedium css-1mjraff-MuiButtonBase-root-MuiIconButton-root"
            tabindex="0"
            type="button"
          >
            <svg
              aria-hidden="true"
              class="MuiSvgIcon-root MuiSvgIcon-fontSizeMedium css-1umw9bq-MuiSvgIcon-root"
              data-testid="Item_editButton"
              focusable="false"
              viewBox="0 0 24 24"
            >
              <path
                d="M3 17.25V21h3.75L17.81 9.94l-3.75-3.75zM20.71 7.04c.39-.39.39-1.02 0-1.41l-2.34-2.34a.996.996 0 0 0-1.41 0l-1.83 1.83 3.75 3.75z"
              />
            </svg>
          </button>
          <button
            class="MuiButtonBase-root MuiIconButton-root MuiIconButton-colorError MuiIconButton-sizeMedium css-lky15p-MuiButtonBase-root-MuiIconButton-root"
            tabindex="0"
            type="button"
          >
            <svg
              aria-hidden="true"
              class="MuiSvgIcon-root MuiSvgIcon-fontSizeMedium css-1umw9bq-MuiSvgIcon-root"
              data-testid="Item_deleteButton"
              focusable="false"
              viewBox="0 0 24 24"
            >
              <path
                d="M6 19c0 1.1.9 2 2 2h8c1.1 0 2-.9 2-2V7H6zM19 4h-3.5l-1-1h-5l-1 1H5v2h14z"
              />
            </svg>
          </button>
        </div>
      </div>
      <div
        class="MuiPaper-root MuiPaper-elevation MuiPaper-rounded MuiPaper-elevation1 MuiCard-root css-1j74uew-MuiPaper-root-MuiCard-root"
        data-testid="Item_root"
        style="--Paper-shadow: 0px 2px 1px -1px rgba(0,0,0,0.2),0px 1px 1px 0px rgba(0,0,0,0.14),0px 1px 3px 0px rgba(0,0,0,0.12);"
      >
        <div
          class="MuiCardContent-root css-1lt5qva-MuiCardContent-root"
        >
          <div
            class="MuiBox-root css-0"
          >
            <a
              class="MuiTypography-root MuiTypography-inherit MuiLink-root MuiLink-underlineAlways css-1orsvah-MuiTypography-root-MuiLink-root"
              data-testid="Item_owner"
              href="ownerHtmlUrl"
              rel="noreferrer"
              target="_blank"
            >
              <div
                aria-label="login"
                class="MuiAvatar-root MuiAvatar-circular css-fmeqll-MuiAvatar-root"
                data-testid="Item_avatar"
              >
                <img
                  class="MuiAvatar-img css-1su80sj-MuiAvatar-img"
                  src="avatarUrl"
                />
              </div>
              <h6
                class="MuiTypography-root MuiTypography-subtitle1 MuiTypography-subtitle1 css-1i3tsf3-MuiTypography-root"
              >
                login
              </h6>
            </a>
          </div>
          <div
            class="MuiBox-root css-0"
          >
            <a
              class="MuiTypography-root MuiTypography-inherit MuiLink-root MuiLink-underlineNone css-18rqtra-MuiTypography-root-MuiLink-root"
              data-testid="Item_project"
              href="htmlUrl"
              rel="noreferrer"
              target="_blank"
            >
              <h5
                class="MuiTypography-root MuiTypography-h5 css-16xl4zq-MuiTypography-root"
              >
                name2
              </h5>
              <span
                class="MuiTypography-root MuiTypography-caption css-mpaqru-MuiTypography-root"
              >
                some desc
              </span>
            </a>
          </div>
          <div
            class="MuiBox-root css-0"
          >
            <h6
              class="MuiTypography-root MuiTypography-subtitle2 css-1ypmsg6-MuiTypography-root"
            >
              <div
                data-testid="Item_colorCircle"
                style="background-color: rgb(227, 76, 38);"
              />
              HTML
            </h6>
          </div>
        </div>
        <div
          class="MuiCardActions-root MuiCardActions-spacing css-1q4nm6f-MuiCardActions-root"
          data-testid="Item_buttons"
        >
          <button
            class="MuiButtonBase-root MuiIconButton-root MuiIconButton-colorInfo MuiIconButton-sizeMedium css-1mjraff-MuiButtonBase-root-MuiIconButton-root"
            tabindex="0"
            type="button"
          >
            <svg
              aria-hidden="true"
              class="MuiSvgIcon-root MuiSvgIcon-fontSizeMedium css-1umw9bq-MuiSvgIcon-root"
              data-testid="Item_editButton"
              focusable="false"
              viewBox="0 0 24 24"
            >
              <path
                d="M3 17.25V21h3.75L17.81 9.94l-3.75-3.75zM20.71 7.04c.39-.39.39-1.02 0-1.41l-2.34-2.34a.996.996 0 0 0-1.41 0l-1.83 1.83 3.75 3.75z"
              />
            </svg>
          </button>
          <button
            class="MuiButtonBase-root MuiIconButton-root MuiIconButton-colorError MuiIconButton-sizeMedium css-lky15p-MuiButtonBase-root-MuiIconButton-root"
            tabindex="0"
            type="button"
          >
            <svg
              aria-hidden="true"
              class="MuiSvgIcon-root MuiSvgIcon-fontSizeMedium css-1umw9bq-MuiSvgIcon-root"
              data-testid="Item_deleteButton"
              focusable="false"
              viewBox="0 0 24 24"
            >
              <path
                d="M6 19c0 1.1.9 2 2 2h8c1.1 0 2-.9 2-2V7H6zM19 4h-3.5l-1-1h-5l-1 1H5v2h14z"
              />
            </svg>
          </button>
        </div>
      </div>
      <div
        class="MuiPaper-root MuiPaper-elevation MuiPaper-rounded MuiPaper-elevation1 MuiCard-root css-1j74uew-MuiPaper-root-MuiCard-root"
        data-testid="Item_root"
        style="--Paper-shadow: 0px 2px 1px -1px rgba(0,0,0,0.2),0px 1px 1px 0px rgba(0,0,0,0.14),0px 1px 3px 0px rgba(0,0,0,0.12);"
      >
        <div
          class="MuiCardContent-root css-1lt5qva-MuiCardContent-root"
        >
          <div
            class="MuiBox-root css-0"
          >
            <a
              class="MuiTypography-root MuiTypography-inherit MuiLink-root MuiLink-underlineAlways css-1orsvah-MuiTypography-root-MuiLink-root"
              data-testid="Item_owner"
              href="ownerHtmlUrl"
              rel="noreferrer"
              target="_blank"
            >
              <div
                aria-label="login"
                class="MuiAvatar-root MuiAvatar-circular css-fmeqll-MuiAvatar-root"
                data-testid="Item_avatar"
              >
                <img
                  class="MuiAvatar-img css-1su80sj-MuiAvatar-img"
                  src="avatarUrl"
                />
              </div>
              <h6
                class="MuiTypography-root MuiTypography-subtitle1 MuiTypography-subtitle1 css-1i3tsf3-MuiTypography-root"
              >
                login
              </h6>
            </a>
          </div>
          <div
            class="MuiBox-root css-0"
          >
            <a
              class="MuiTypography-root MuiTypography-inherit MuiLink-root MuiLink-underlineNone css-18rqtra-MuiTypography-root-MuiLink-root"
              data-testid="Item_project"
              href="htmlUrl"
              rel="noreferrer"
              target="_blank"
            >
              <h5
                class="MuiTypography-root MuiTypography-h5 css-16xl4zq-MuiTypography-root"
              >
                name3
              </h5>
              <span
                class="MuiTypography-root MuiTypography-caption css-mpaqru-MuiTypography-root"
              >
                some desc
              </span>
            </a>
          </div>
          <div
            class="MuiBox-root css-0"
          >
            <h6
              class="MuiTypography-root MuiTypography-subtitle2 css-1ypmsg6-MuiTypography-root"
            >
              <div
                data-testid="Item_colorCircle"
                style="background-color: rgb(227, 76, 38);"
              />
              HTML
            </h6>
          </div>
        </div>
        <div
          class="MuiCardActions-root MuiCardActions-spacing css-1q4nm6f-MuiCardActions-root"
          data-testid="Item_buttons"
        >
          <button
            class="MuiButtonBase-root MuiIconButton-root MuiIconButton-colorInfo MuiIconButton-sizeMedium css-1mjraff-MuiButtonBase-root-MuiIconButton-root"
            tabindex="0"
            type="button"
          >
            <svg
              aria-hidden="true"
              class="MuiSvgIcon-root MuiSvgIcon-fontSizeMedium css-1umw9bq-MuiSvgIcon-root"
              data-testid="Item_editButton"
              focusable="false"
              viewBox="0 0 24 24"
            >
              <path
                d="M3 17.25V21h3.75L17.81 9.94l-3.75-3.75zM20.71 7.04c.39-.39.39-1.02 0-1.41l-2.34-2.34a.996.996 0 0 0-1.41 0l-1.83 1.83 3.75 3.75z"
              />
            </svg>
          </button>
          <button
            class="MuiButtonBase-root MuiIconButton-root MuiIconButton-colorError MuiIconButton-sizeMedium css-lky15p-MuiButtonBase-root-MuiIconButton-root"
            tabindex="0"
            type="button"
          >
            <svg
              aria-hidden="true"
              class="MuiSvgIcon-root MuiSvgIcon-fontSizeMedium css-1umw9bq-MuiSvgIcon-root"
              data-testid="Item_deleteButton"
              focusable="false"
              viewBox="0 0 24 24"
            >
              <path
                d="M6 19c0 1.1.9 2 2 2h8c1.1 0 2-.9 2-2V7H6zM19 4h-3.5l-1-1h-5l-1 1H5v2h14z"
              />
            </svg>
          </button>
        </div>
      </div>
    </ul>
    <div
      data-testid="ItemsWidget_observant"
    />
  </div>
</div>
`;
